ASxxxx Linker V03.00/V05.40 + sdld,  page 1.
Hexadecimal  [32-Bits]

Area                                    Addr        Size        Decimal Bytes (Attributes)
--------------------------------        ----        ----        ------- ----- ------------
.  .ABS.                            00000000    00000000 =           0. bytes (ABS,CON)

      Value  Global                              Global Defined In Module
      -----  --------------------------------   ------------------------
     00000000  .__.ABS.                           
     00000000  _rRAMG                             
     00000000  l__BASE                         
     00000000  l__BSS                          
     00000000  l__CABS                         
     00000000  l__CODE_0                       
     00000000  l__DABS                         
     00000000  l__HEADER                       
     00000000  l__HEAP                         
     00000000  l__HEAP_END                     
     00000000  l__HRAM                         
     00000000  l__INITIALIZED                  
     00000000  l__INITIALIZER                  
     00000000  l__LIT                          
     00000000  s__CABS                         
     00000000  s__DABS                         
     00000000  s__HEADER                       
     00000000  s__HEADER0                      
     00000000  s__HEADER1                      
     00000000  s__HEADER10                     
     00000000  s__HEADER11                     
     00000000  s__HEADER2                      
     00000000  s__HEADER3                      
     00000000  s__HEADER4                      
     00000000  s__HEADER5                      
     00000000  s__HEADER6                      
     00000000  s__HEADER7                      
     00000000  s__HEADER8                      
     00000000  s__HEADER9                      
     00000000  s__HEADERa                      
     00000000  s__HEADERb                      
     00000000  s__HEADERc                      
     00000000  s__HEADERd                      
     00000000  s__HEADERe                      
     00000000  s__HEADERf                      
     00000000  s__HRAM                         
     00000000  s__HRAM12                       
     00000001  l__GSFINAL                      
     00000001  l__HEADER0                      
     00000001  l__HEADER5                      
     00000001  l__HEADERa                      
     00000001  l__HEADERb                      
     00000001  l__HEADERc                      
     00000001  l__HEADERe                      
     00000001  l__HEADERf                      
     00000002  l__HEADER10                     
     00000002  l__HEADER6                      
     00000002  l__HEADERd                      
     00000003  l__HEADER9                      
     00000003  l__HRAM12                       
ASxxxx Linker V03.00/V05.40 + sdld,  page 2.
Hexadecimal  [32-Bits]

Area                                    Addr        Size        Decimal Bytes (Attributes)
--------------------------------        ----        ----        ------- ----- ------------
.  .ABS.                            00000000    00000000 =           0. bytes (ABS,CON)

      Value  Global                              Global Defined In Module
      -----  --------------------------------   ------------------------
     00000005  l__HEADER1                      
     00000006  l__HEADER8                      
     00000007  l__HEADER2                      
     00000008  l__HEADER3                      
     0000000C  l__GSINIT                       
     00000011  l__DATA                         
     00000030  l__HEADER7                      
     00000060  l__HEADER4                      
     000000AB  l__HEADER11                     
     000000BB  l__HOME                         
     00000200  s__CODE                         
     000009A0  l__CODE                         
     00000BA0  s__HOME                         
     00000C5B  s__BASE                         
     00000C5B  s__CODE_0                       
     00000C5B  s__GSINIT                       
     00000C5B  s__INITIALIZER                  
     00000C5B  s__LIT                          
     00000C67  s__GSFINAL                      
     00002000  _rROMB0                            
     00003000  _rROMB1                            
     00004000  _rRAMB                             
     00008000  __VRAM                             
     00008000  __VRAM8000                         
     00008800  __VRAM8800                         
     00009000  __VRAM9000                         
     00009800  __SCRN0                            
     00009C00  __SCRN1                            
     0000A000  __SRAM                             
     0000C000  __RAM                              
     0000C000  _shadow_OAM                     
     0000C0A0  s__DATA                         
     0000C0B1  s__BSS                          
     0000C0B1  s__HEAP                         
     0000C0B1  s__HEAP_END                     
     0000C0B1  s__INITIALIZED                  
     0000D000  __RAMBANK                          
     0000E000  .STACK                          
     0000FE00  __OAMRAM                           
     0000FF00  _P1_REG                            
     0000FF00  __IO                               
     0000FF01  _SB_REG                            
     0000FF02  _SC_REG                            
     0000FF04  _DIV_REG                           
     0000FF05  _TIMA_REG                          
     0000FF06  _TMA_REG                           
     0000FF07  _TAC_REG                           
     0000FF0F  _IF_REG                            
     0000FF10  _NR10_REG                          
     0000FF11  _NR11_REG                          
     0000FF12  _NR12_REG                          
ASxxxx Linker V03.00/V05.40 + sdld,  page 3.
Hexadecimal  [32-Bits]

Area                                    Addr        Size        Decimal Bytes (Attributes)
--------------------------------        ----        ----        ------- ----- ------------
.  .ABS.                            00000000    00000000 =           0. bytes (ABS,CON)

      Value  Global                              Global Defined In Module
      -----  --------------------------------   ------------------------
     0000FF13  _NR13_REG                          
     0000FF14  _NR14_REG                          
     0000FF16  _NR21_REG                          
     0000FF17  _NR22_REG                          
     0000FF18  _NR23_REG                          
     0000FF19  _NR24_REG                          
     0000FF1A  _NR30_REG                          
     0000FF1B  _NR31_REG                          
     0000FF1C  _NR32_REG                          
     0000FF1D  _NR33_REG                          
     0000FF1E  _NR34_REG                          
     0000FF20  _NR41_REG                          
     0000FF21  _NR42_REG                          
     0000FF22  _NR43_REG                          
     0000FF23  _NR44_REG                          
     0000FF24  _NR50_REG                          
     0000FF25  _NR51_REG                          
     0000FF26  _NR52_REG                          
     0000FF30  _AUD3WAVE                          
     0000FF30  _PCM_SAMPLE                        
     0000FF30  __AUD3WAVERAM                      
     0000FF40  _LCDC_REG                          
     0000FF41  _STAT_REG                          
     0000FF42  _SCY_REG                           
     0000FF43  _SCX_REG                           
     0000FF44  _LY_REG                            
     0000FF45  _LYC_REG                           
     0000FF46  _DMA_REG                           
     0000FF47  _BGP_REG                           
     0000FF48  _OBP0_REG                          
     0000FF49  _OBP1_REG                          
     0000FF4A  _WY_REG                            
     0000FF4B  _WX_REG                            
     0000FF4D  _KEY1_REG                          
     0000FF4F  _VBK_REG                           
     0000FF51  _HDMA1_REG                         
     0000FF52  _HDMA2_REG                         
     0000FF53  _HDMA3_REG                         
     0000FF54  _HDMA4_REG                         
     0000FF55  _HDMA5_REG                         
     0000FF56  _RP_REG                            
     0000FF68  _BCPS_REG                          
     0000FF69  _BCPD_REG                          
     0000FF6A  _OCPS_REG                          
     0000FF6B  _OCPD_REG                          
     0000FF70  _SVBK_REG                          
     0000FF76  _PCM12_REG                         
     0000FF77  _PCM34_REG                         
     0000FF80  .refresh_OAM                    
     0000FF80  __HRAM                             
     0000FFFF  _IE_REG                            

ASxxxx Linker V03.00/V05.40 + sdld,  page 4.
Hexadecimal  [32-Bits]

Area                                    Addr        Size        Decimal Bytes (Attributes)
--------------------------------        ----        ----        ------- ----- ------------
_CODE                               00000200    000009A0 =        2464. bytes (REL,CON)

      Value  Global                              Global Defined In Module
      -----  --------------------------------   ------------------------
     00000200  A$main$59                          main
     00000200  C$main.c$17$1_0$126                main
     00000200  C$main.c$8$0_0$126                 main
     00000200  G$init_gfx$0$0                     main
     00000200  _init_gfx                          main
     00000202  A$main$60                          main
     00000204  A$main$61                          main
     00000206  A$main$69                          main
     00000206  C$main.c$18$1_0$126                main
     00000206  XG$init_gfx$0$0                    main
     00000207  A$main$79                          main
     00000207  C$main.c$21$1_0$128                main
     00000207  G$main$0$0                         main
     00000207  _main                              main
     00000209  A$main$83                          main
     00000209  C$main.c$23$1_0$128                main
     0000020C  A$main$87                          main
     0000020C  C$main.c$25$1_0$128                main
     0000020E  A$main$88                          main
     00000210  A$main$89                          main
     00000212  A$main$93                          main
     00000212  C$main.c$26$1_0$128                main
     00000215  A$main$94                          main
     00000216  A$main$95                          main
     00000217  A$main$96                          main
     00000218  A$main$97                          main
     00000219  A$main$98                          main
     0000021C  A$main$99                          main
     0000021E  A$main$101                         main
     00000221  A$main$102                         main
     00000223  A$main$104                         main
     00000226  A$main$106                         main
     00000228  A$main$107                         main
     00000229  A$main$108                         main
     0000022B  A$main$112                         main
     0000022B  C$main.c$29$1_0$128                main
     0000022D  A$main$113                         main
     0000022F  A$main$114                         main
     00000231  A$main$118                         main
     00000231  C$main.c$32$2_0$129                main
     00000233  A$main$119                         main
     00000235  A$main$120                         main
     00000236  A$main$121                         main
     00000237  A$main$125                         main
     00000237  C$main.c$33$2_0$129                main
     00000238  A$main$126                         main
     0000023A  A$main$127                         main
     0000023B  A$main$128                         main
     0000023C  A$main$129                         main
     0000023D  A$main$137                         main
ASxxxx Linker V03.00/V05.40 + sdld,  page 5.
Hexadecimal  [32-Bits]

Area                                    Addr        Size        Decimal Bytes (Attributes)
--------------------------------        ----        ----        ------- ----- ------------
_CODE                               00000200    000009A0 =        2464. bytes (REL,CON)

      Value  Global                              Global Defined In Module
      -----  --------------------------------   ------------------------
     0000023D  C$main.c$37$1_1$129                main
     0000023D  C$main.c$39$2_1$130                main
     00000240  A$main$138                         main
     00000242  A$main$139                         main
     00000243  A$main$140                         main
     00000244  A$main$144                         main
     00000244  C$main.c$40$2_1$130                main
     00000246  A$main$145                         main
     00000248  A$main$149                         main
     00000248  C$main.c$41$3_1$131                main
     0000024A  A$main$150                         main
     0000024B  A$main$151                         main
     0000024C  A$main$152                         main
     0000024D  A$main$153                         main
     0000024E  A$main$154                         main
     0000024F  A$main$155                         main
     00000250  A$main$156                         main
     00000251  A$main$157                         main
     00000252  A$main$162                         main
     00000252  C$main.c$43$2_1$130                main
     00000254  A$main$163                         main
     00000256  A$main$167                         main
     00000256  C$main.c$44$3_1$132                main
     00000258  A$main$168                         main
     00000259  A$main$169                         main
     0000025B  A$main$170                         main
     0000025C  A$main$171                         main
     0000025D  A$main$177                         main
     0000025D  C$main.c$46$2_1$130                main
     0000025F  A$main$178                         main
     00000261  A$main$182                         main
     00000261  C$main.c$47$3_1$133                main
     00000263  A$main$183                         main
     00000264  A$main$184                         main
     00000265  A$main$185                         main
     00000266  A$main$186                         main
     00000267  A$main$187                         main
     00000268  A$main$188                         main
     00000269  A$main$189                         main
     0000026A  A$main$190                         main
     0000026B  A$main$195                         main
     0000026B  C$main.c$49$2_1$130                main
     0000026D  A$main$196                         main
     0000026F  A$main$200                         main
     0000026F  C$main.c$50$3_1$134                main
     00000271  A$main$201                         main
     00000272  A$main$202                         main
     00000274  A$main$203                         main
     00000275  A$main$204                         main
     00000276  A$main$208                         main
     00000278  A$main$209                         main
ASxxxx Linker V03.00/V05.40 + sdld,  page 6.
Hexadecimal  [32-Bits]

Area                                    Addr        Size        Decimal Bytes (Attributes)
--------------------------------        ----        ----        ------- ----- ------------
_CODE                               00000200    000009A0 =        2464. bytes (REL,CON)

      Value  Global                              Global Defined In Module
      -----  --------------------------------   ------------------------
     00000279  A$main$210                         main
     0000027A  A$main$211                         main
     0000027B  A$main$212                         main
     0000027C  A$main$213                         main
     0000027D  A$main$216                         main
     00000280  A$main$217                         main
     00000281  A$main$218                         main
     00000284  A$main$219                         main
     00000286  A$main$220                         main
     00000287  A$main$221                         main
     00000288  A$main$225                         main
     00000288  C$main.c$69$2_1$130                main
     0000028B  A$main$226                         main
     0000028D  A$main$230                         main
     0000028F  A$main$235                         main
     0000028F  C$main.c$71$1_1$128                main
     0000028F  XG$main$0$0                        main
     00000290  G$blob$0_0$0                       sprite_blob
     00000290  _blob                              sprite_blob
     000002A0  G$bg1$0_0$0                        sprite_blob
     000002A0  _bg1                               sprite_blob
     000002B0  G$dungeon_mapPLN0$0_0$0            dungeon_map
     000002B0  _dungeon_mapPLN0                   dungeon_map
     000006B0  G$dungeon_tiles$0_0$0              dungeon_tiles
     000006B0  _dungeon_tiles                     dungeon_tiles
ASxxxx Linker V03.00/V05.40 + sdld,  page 7.
Hexadecimal  [32-Bits]

Area                                    Addr        Size        Decimal Bytes (Attributes)
--------------------------------        ----        ----        ------- ----- ------------
_HEADER0                            00000000    00000001 =           1. bytes (ABS,CON)

      Value  Global                              Global Defined In Module
      -----  --------------------------------   ------------------------
     00000020  .call_hl                           Runtime

ASxxxx Linker V03.00/V05.40 + sdld,  page 8.
Hexadecimal  [32-Bits]

Area                                    Addr        Size        Decimal Bytes (Attributes)
--------------------------------        ----        ----        ------- ----- ------------
_HEADER1                            00000000    00000005 =           5. bytes (ABS,CON)

      Value  Global                              Global Defined In Module
      -----  --------------------------------   ------------------------
     00000028  .MemsetSmall                       Runtime

ASxxxx Linker V03.00/V05.40 + sdld,  page 9.
Hexadecimal  [32-Bits]

Area                                    Addr        Size        Decimal Bytes (Attributes)
--------------------------------        ----        ----        ------- ----- ------------
_HEADER2                            00000000    00000007 =           7. bytes (ABS,CON)

      Value  Global                              Global Defined In Module
      -----  --------------------------------   ------------------------
     00000030  .MemcpySmall                       Runtime

ASxxxx Linker V03.00/V05.40 + sdld,  page 10.
Hexadecimal  [32-Bits]

Area                                    Addr        Size        Decimal Bytes (Attributes)
--------------------------------        ----        ----        ------- ----- ------------
_HEADER3                            00000000    00000008 =           8. bytes (ABS,CON)

      Value  Global                              Global Defined In Module
      -----  --------------------------------   ------------------------
ASxxxx Linker V03.00/V05.40 + sdld,  page 11.
Hexadecimal  [32-Bits]

Area                                    Addr        Size        Decimal Bytes (Attributes)
--------------------------------        ----        ----        ------- ----- ------------
_HEADER4                            00000000    00000060 =          96. bytes (ABS,CON)

      Value  Global                              Global Defined In Module
      -----  --------------------------------   ------------------------
     00000080  .int                               Runtime
     0000008F  _wait_int_handler                  Runtime
     0000009C  __standard_VBL_handler             Runtime
     000000AB  _refresh_OAM                       Runtime
     000000CC  _set_interrupts                    Runtime

ASxxxx Linker V03.00/V05.40 + sdld,  page 12.
Hexadecimal  [32-Bits]

Area                                    Addr        Size        Decimal Bytes (Attributes)
--------------------------------        ----        ----        ------- ----- ------------
_HEADER5                            00000000    00000001 =           1. bytes (ABS,CON)

      Value  Global                              Global Defined In Module
      -----  --------------------------------   ------------------------
ASxxxx Linker V03.00/V05.40 + sdld,  page 13.
Hexadecimal  [32-Bits]

Area                                    Addr        Size        Decimal Bytes (Attributes)
--------------------------------        ----        ----        ------- ----- ------------
_HEADER6                            00000000    00000002 =           2. bytes (ABS,CON)

      Value  Global                              Global Defined In Module
      -----  --------------------------------   ------------------------
ASxxxx Linker V03.00/V05.40 + sdld,  page 14.
Hexadecimal  [32-Bits]

Area                                    Addr        Size        Decimal Bytes (Attributes)
--------------------------------        ----        ----        ------- ----- ------------
_HEADER7                            00000000    00000030 =          48. bytes (ABS,CON)

      Value  Global                              Global Defined In Module
      -----  --------------------------------   ------------------------
ASxxxx Linker V03.00/V05.40 + sdld,  page 15.
Hexadecimal  [32-Bits]

Area                                    Addr        Size        Decimal Bytes (Attributes)
--------------------------------        ----        ----        ------- ----- ------------
_HEADER8                            00000000    00000006 =           6. bytes (ABS,CON)

      Value  Global                              Global Defined In Module
      -----  --------------------------------   ------------------------
ASxxxx Linker V03.00/V05.40 + sdld,  page 16.
Hexadecimal  [32-Bits]

Area                                    Addr        Size        Decimal Bytes (Attributes)
--------------------------------        ----        ----        ------- ----- ------------
_HEADER9                            00000000    00000003 =           3. bytes (ABS,CON)

      Value  Global                              Global Defined In Module
      -----  --------------------------------   ------------------------
ASxxxx Linker V03.00/V05.40 + sdld,  page 17.
Hexadecimal  [32-Bits]

Area                                    Addr        Size        Decimal Bytes (Attributes)
--------------------------------        ----        ----        ------- ----- ------------
_HEADERa                            00000000    00000001 =           1. bytes (ABS,CON)

      Value  Global                              Global Defined In Module
      -----  --------------------------------   ------------------------
ASxxxx Linker V03.00/V05.40 + sdld,  page 18.
Hexadecimal  [32-Bits]

Area                                    Addr        Size        Decimal Bytes (Attributes)
--------------------------------        ----        ----        ------- ----- ------------
_HEADERb                            00000000    00000001 =           1. bytes (ABS,CON)

      Value  Global                              Global Defined In Module
      -----  --------------------------------   ------------------------
ASxxxx Linker V03.00/V05.40 + sdld,  page 19.
Hexadecimal  [32-Bits]

Area                                    Addr        Size        Decimal Bytes (Attributes)
--------------------------------        ----        ----        ------- ----- ------------
_HEADERc                            00000000    00000001 =           1. bytes (ABS,CON)

      Value  Global                              Global Defined In Module
      -----  --------------------------------   ------------------------
ASxxxx Linker V03.00/V05.40 + sdld,  page 20.
Hexadecimal  [32-Bits]

Area                                    Addr        Size        Decimal Bytes (Attributes)
--------------------------------        ----        ----        ------- ----- ------------
_HEADERd                            00000000    00000002 =           2. bytes (ABS,CON)

      Value  Global                              Global Defined In Module
      -----  --------------------------------   ------------------------
ASxxxx Linker V03.00/V05.40 + sdld,  page 21.
Hexadecimal  [32-Bits]

Area                                    Addr        Size        Decimal Bytes (Attributes)
--------------------------------        ----        ----        ------- ----- ------------
_HEADERe                            00000000    00000001 =           1. bytes (ABS,CON)

      Value  Global                              Global Defined In Module
      -----  --------------------------------   ------------------------
ASxxxx Linker V03.00/V05.40 + sdld,  page 22.
Hexadecimal  [32-Bits]

Area                                    Addr        Size        Decimal Bytes (Attributes)
--------------------------------        ----        ----        ------- ----- ------------
_HEADERf                            00000000    00000001 =           1. bytes (ABS,CON)

      Value  Global                              Global Defined In Module
      -----  --------------------------------   ------------------------
ASxxxx Linker V03.00/V05.40 + sdld,  page 23.
Hexadecimal  [32-Bits]

Area                                    Addr        Size        Decimal Bytes (Attributes)
--------------------------------        ----        ----        ------- ----- ------------
_HEADER10                           00000000    00000002 =           2. bytes (ABS,CON)

      Value  Global                              Global Defined In Module
      -----  --------------------------------   ------------------------
ASxxxx Linker V03.00/V05.40 + sdld,  page 24.
Hexadecimal  [32-Bits]

Area                                    Addr        Size        Decimal Bytes (Attributes)
--------------------------------        ----        ----        ------- ----- ------------
_HEADER11                           00000000    000000AB =         171. bytes (ABS,CON)

      Value  Global                              Global Defined In Module
      -----  --------------------------------   ------------------------
     00000150  .reset                             Runtime
     00000150  _reset                             Runtime
     00000157  .code_start                        Runtime
     000001B9  _exit                              Runtime
     000001BD  .wait_vbl_done                     Runtime
     000001BD  _vsync                             Runtime
     000001BD  _wait_vbl_done                     Runtime
     000001CD  .remove_VBL                        Runtime
     000001CD  _remove_VBL                        Runtime
     000001D0  .remove_int                        Runtime
     000001ED  .add_VBL                           Runtime
     000001ED  _add_VBL                           Runtime
     000001F0  .add_int                           Runtime

ASxxxx Linker V03.00/V05.40 + sdld,  page 25.
Hexadecimal  [32-Bits]

Area                                    Addr        Size        Decimal Bytes (Attributes)
--------------------------------        ----        ----        ------- ----- ------------
_HOME                               00000BA0    000000BB =         187. bytes (REL,CON)

      Value  Global                              Global Defined In Module
      -----  --------------------------------   ------------------------
     00000BA0  .memset_simple                     Runtime
     00000BA9  .memcpy_simple                     Runtime
     00000BC6  .display_off                       Runtime
     00000BC6  _display_off                       Runtime
     00000BDE  _set_tile_data                     
     00000BE3  _set_bkg_data                      
     00000BE3  _set_win_data                      
     00000BEB  _set_sprite_data                   
     00000C1B  .padup                             
     00000C1B  _waitpadup                         
     00000C2B  .jpad                              
     00000C2B  _joypad                            
     00000C53  _waitpad                           
     00000C54  .wait_pad                          

ASxxxx Linker V03.00/V05.40 + sdld,  page 26.
Hexadecimal  [32-Bits]

Area                                    Addr        Size        Decimal Bytes (Attributes)
--------------------------------        ----        ----        ------- ----- ------------
_GSINIT                             00000C5B    0000000C =          12. bytes (REL,CON)

      Value  Global                              Global Defined In Module
      -----  --------------------------------   ------------------------
     00000C5B  gsinit                             Runtime

ASxxxx Linker V03.00/V05.40 + sdld,  page 27.
Hexadecimal  [32-Bits]

Area                                    Addr        Size        Decimal Bytes (Attributes)
--------------------------------        ----        ----        ------- ----- ------------
_GSFINAL                            00000C67    00000001 =           1. bytes (REL,CON)

      Value  Global                              Global Defined In Module
      -----  --------------------------------   ------------------------
ASxxxx Linker V03.00/V05.40 + sdld,  page 28.
Hexadecimal  [32-Bits]

Area                                    Addr        Size        Decimal Bytes (Attributes)
--------------------------------        ----        ----        ------- ----- ------------
_DATA                               0000C0A0    00000011 =          17. bytes (REL,CON)

      Value  Global                              Global Defined In Module
      -----  --------------------------------   ------------------------
     0000C0A0  __cpu                              Runtime
     0000C0A1  __is_GBA                           Runtime
     0000C0A2  .mode                              Runtime
     0000C0A3  .sys_time                          Runtime
     0000C0A3  _sys_time                          Runtime
     0000C0A5  .int_0x40                          Runtime
ASxxxx Linker V03.00/V05.40 + sdld,  page 29.
Hexadecimal  [32-Bits]

Area                                    Addr        Size        Decimal Bytes (Attributes)
--------------------------------        ----        ----        ------- ----- ------------
_HRAM12                             00000000    00000003 =           3. bytes (ABS,CON)

      Value  Global                              Global Defined In Module
      -----  --------------------------------   ------------------------
     0000FF90  __current_bank                     Runtime
     0000FF92  __shadow_OAM_base                  Runtime

ASxxxx Linker V03.00/V05.40 + sdld,  page 30.

Files Linked                              [ module(s) ]

../Tools/gbdk/lib/gb/crt0.o               [ Runtime ]
obj/main.o                                [ main ]
obj/sprite-blob.o                         [ sprite_blob ]
obj/dungeon_map.o                         [ dungeon_map ]
obj/dungeon_tiles.o                       [ dungeon_tiles ]


Libraries Linked                          [ object file ]

../Tools/gbdk/lib/gb/gb.lib               [ set_data.o ]
../Tools/gbdk/lib/gb/gb.lib               [ pad.o ]
../Tools/gbdk/lib/gb/gb.lib               [ sfr.o ]

ASxxxx Linker V03.00/V05.40 + sdld,  page 31.

User Base Address Definitions

_DATA=0xC0A0
_CODE=0x0200
ASxxxx Linker V03.00/V05.40 + sdld,  page 32.

User Global Definitions

_shadow_OAM=0xC000
.STACK=0xE000
.refresh_OAM=0xFF80

